I caught a pokemon: 1459 indexed entries, 1382 to download
Saved 25/1382; latest: Chapter 102
Pass 1 started: 2026-09-19 06:13:23 UTC
Pass 1 started: 2026-09-19 06:13:48 UTC
I caught a pokemon: 1459 indexed entries, 1350 to download
Saved 25/1350; latest: Chapter 134
Saved 50/1350; latest: Chapter 159
Pass 1 started: 2026-09-19 06:17:37 UTC
I caught a pokemon: 1459 indexed entries, 1281 to download
Pass 1 started: 2026-09-19 06:20:36 UTC
I caught a pokemon: 1459 indexed entries, 1268 to download
Saved 25/1268; latest: Chapter 216
Pass 1 started: 2026-09-19 06:22:27 UTC
I caught a pokemon: 1459 indexed entries, 1226 to download
Chapter 921 failed: Request failed with status code 429
Saved 25/1226; latest: Chapter 343
Saved 50/1226; latest: Chapter 775
Saved 75/1226; latest: Chapter 1327
Saved 100/1226; latest: Chapter 1287
Saved 125/1226; latest: Chapter 245
Saved 150/1226; latest: Chapter 621
Chapter 406 failed: Request failed with status code 429
Saved 175/1226; latest: Chapter 986
Chapter 476 failed: Request failed with status code 429
Saved 200/1226; latest: Chapter 469
Saved 225/1226; latest: Chapter 959
Saved 250/1226; latest: Chapter 1289
Saved 275/1226; latest: Chapter 1260
Saved 300/1226; latest: Chapter 1038
Saved 325/1226; latest: Chapter 472
Saved 350/1226; latest: Chapter 747
Saved 375/1226; latest: Chapter 1288
Saved 400/1226; latest: Chapter 1097
Chapter 651 failed: Request failed with status code 429
Saved 425/1226; latest: Chapter 270
Saved 450/1226; latest: Chapter 348
Saved 475/1226; latest: Chapter 1018
Saved 500/1226; latest: Chapter 660
Saved 525/1226; latest: Chapter 497
Saved 550/1226; latest: Chapter 460
Saved 575/1226; latest: Chapter 787
Saved 600/1226; latest: Chapter 1428
Saved 625/1226; latest: Chapter 574
Saved 650/1226; latest: Chapter 368
Saved 675/1226; latest: Chapter 393
Saved 700/1226; latest: Chapter 1334
Saved 725/1226; latest: Chapter 1204
Saved 750/1226; latest: Chapter 247
Chapter 291 failed: Request failed with status code 429
Saved 775/1226; latest: Chapter 449
Saved 800/1226; latest: Chapter 1057
Saved 825/1226; latest: Chapter 851
Chapter 1062 failed: Request failed with status code 429
Saved 850/1226; latest: Chapter 678
Chapter 712 failed: Request failed with status code 429
Chapter 1202 failed: Response did not contain a complete chapter
Saved 875/1226; latest: Chapter 522
Chapter 274 failed: Request failed with status code 429
Chapter 912 failed: Response did not contain a complete chapter
Chapter 336 failed: Request failed with status code 429
Saved 900/1226; latest: Chapter 874
Chapter 310 failed: Request failed with status code 429
Saved 925/1226; latest: Chapter 1430
Chapter 872 failed: Request failed with status code 429
Chapter 1119 failed: Request failed with status code 429
Chapter 463 failed: Request failed with status code 429
Chapter 803 failed: Request failed with status code 429
Chapter 909 failed: Request failed with status code 429
Saved 950/1226; latest: Chapter 1225
Chapter 752 failed: Request failed with status code 429
Chapter 485 failed: Request failed with status code 429
Saved 975/1226; latest: Chapter 1331
Chapter 1103 failed: Request failed with status code 429
Saved 1000/1226; latest: Chapter 478
Chapter 334 failed: Request failed with status code 429
Saved 1025/1226; latest: Chapter 305
Chapter 561 failed: Request failed with status code 429
Chapter 1193 failed: Request failed with status code 429
Chapter 1255 failed: Request failed with status code 429
Chapter 816 failed: Request failed with status code 429
Saved 1050/1226; latest: Chapter 819
Chapter 392 failed: Request failed with status code 429
Chapter 1150 failed: Request failed with status code 429
Chapter 537 failed: Request failed with status code 429
Chapter 817 failed: Request failed with status code 429
Saved 1075/1226; latest: Chapter 316
Chapter 831 failed: Request failed with status code 429
Chapter 619 failed: Request failed with status code 429
Chapter 1340 failed: Request failed with status code 429
Saved 1100/1226; latest: Chapter 841
Saved 1125/1226; latest: Chapter 1366
Saved 1150/1226; latest: Chapter 1029
Saved 1175/1226; latest: Chapter 443
